
C:\esp\Treadmill\Consola>idf.py -p COM4 flash monitor
Executing action: flash
Running ninja in directory C:\esp\Treadmill\Consola\build
Executing "ninja flash"...
[1/5] C:\WINDOWS\system32\cmd.exe /C...mill/Consola/build/lvgl_demo_v8.bin"
lvgl_demo_v8.bin binary size 0x1caad0 bytes. Smallest app partition is 0x800000 bytes. 0x635530 bytes (78%) free.
[1/1] C:\WINDOWS\system32\cmd.exe /C...ola/build/bootloader/bootloader.bin"
Bootloader binary size 0x5c20 bytes. 0x3e0 bytes (4%) free.
[4/5] C:\WINDOWS\system32\cmd.exe /C...ts/esptool_py/run_serial_tool.cmake"
esptool.py --chip esp32p4 -p COM4 -b 460800 --before=default_reset --after=hard_reset write_flash --flash_mode dio --flash_freq 80m --flash_size 16MB 0x2000 bootloader/bootloader.bin 0x10000 lvgl_demo_v8.bin 0x8000 partition_table/partition-table.bin
esptool.py v4.10.0
Serial port COM4
Connecting....
Chip is ESP32-P4 (revision v1.0)
Features: High-Performance MCU
Crystal is 40MHz
MAC: 30:ed:a0:e1:9f:b7
Uploading stub...
Running stub...
Stub running...
Changing baud rate to 460800
Changed.
Configuring flash size...
Flash will be erased from 0x00002000 to 0x00007fff...
Flash will be erased from 0x00010000 to 0x001dafff...
Flash will be erased from 0x00008000 to 0x00008fff...
SHA digest in image updated
Compressed 23584 bytes to 14458...
Writing at 0x00002000... (100 %)
Wrote 23584 bytes (14458 compressed) at 0x00002000 in 0.8 seconds (effective 241.8 kbit/s)...
Hash of data verified.
Compressed 1878736 bytes to 991011...
Writing at 0x00010000... (1 %)
Writing at 0x0001f5b0... (3 %)
Writing at 0x0002bc9e... (4 %)
Writing at 0x00039772... (6 %)
Writing at 0x000471cc... (8 %)
Writing at 0x00057167... (9 %)
Writing at 0x0005f847... (11 %)
Writing at 0x00068bb4... (13 %)
Writing at 0x00075047... (14 %)
Writing at 0x0008220c... (16 %)
Writing at 0x0009026d... (18 %)
Writing at 0x0009fdcc... (19 %)
Writing at 0x000a900c... (21 %)
Writing at 0x000b0cd7... (22 %)
Writing at 0x000b6cf1... (24 %)
Writing at 0x000bd366... (26 %)
Writing at 0x000c56c4... (27 %)
Writing at 0x000cd313... (29 %)
Writing at 0x000d5217... (31 %)
Writing at 0x000dc06d... (32 %)
Writing at 0x000e2bc0... (34 %)
Writing at 0x000e89c4... (36 %)
Writing at 0x000ee4b8... (37 %)
Writing at 0x000f3b24... (39 %)
Writing at 0x000f91ca... (40 %)
Writing at 0x000fec0c... (42 %)
Writing at 0x00105a68... (44 %)
Writing at 0x0010bda7... (45 %)
Writing at 0x00111237... (47 %)
Writing at 0x00116b14... (49 %)
Writing at 0x0011c5f7... (50 %)
Writing at 0x00123493... (52 %)
Writing at 0x00128d51... (54 %)
Writing at 0x0012ecae... (55 %)
Writing at 0x00134e0f... (57 %)
Writing at 0x0013a7c0... (59 %)
Writing at 0x00140d4f... (60 %)
Writing at 0x00146cd2... (62 %)
Writing at 0x0014da5e... (63 %)
Writing at 0x00153b98... (65 %)
Writing at 0x00159b29... (67 %)
Writing at 0x00160fe1... (68 %)
Writing at 0x001677b4... (70 %)
Writing at 0x0016dba3... (72 %)
Writing at 0x00173616... (73 %)
Writing at 0x00179070... (75 %)
Writing at 0x0017ec10... (77 %)
Writing at 0x00184749... (78 %)
Writing at 0x0018b29d... (80 %)
Writing at 0x0019088d... (81 %)
Writing at 0x001960e5... (83 %)
Writing at 0x0019bc42... (85 %)
Writing at 0x001a2b68... (86 %)
Writing at 0x001a923e... (88 %)
Writing at 0x001b0277... (90 %)
Writing at 0x001b6dce... (91 %)
Writing at 0x001bce68... (93 %)
Writing at 0x001c256c... (95 %)
Writing at 0x001c8602... (96 %)
Writing at 0x001ceafb... (98 %)
Writing at 0x001d4f29... (100 %)
Wrote 1878736 bytes (991011 compressed) at 0x00010000 in 29.6 seconds (effective 508.5 kbit/s)...
Hash of data verified.
Compressed 3072 bytes to 120...
Writing at 0x00008000... (100 %)
Wrote 3072 bytes (120 compressed) at 0x00008000 in 0.1 seconds (effective 360.6 kbit/s)...
Hash of data verified.

Leaving...
Hard resetting via RTS pin...
Executing action: monitor
Running idf_monitor in directory C:\esp\Treadmill\Consola
Executing "C:\Espressif\python_env\idf5.5_py3.11_env\Scripts\python.exe C:\Espressif\frameworks\esp-idf-v5.5.1\tools/idf_monitor.py -p COM4 -b 115200 --toolchain-prefix riscv32-esp-elf- --target esp32p4 --revision 1 --decode-panic backtrace C:\esp\Treadmill\Consola\build\lvgl_demo_v8.elf C:\esp\Treadmill\Consola\build\bootloader\bootloader.elf --force-color -m 'C:\Espressif\python_env\idf5.5_py3.11_env\Scripts\python.exe' 'C:\Espressif\frameworks\esp-idf-v5.5.1\tools\idf.py' '-p' 'COM4'"...
--- Warning: GDB cannot open serial ports accessed as COMx
--- Using \\.\COM4 instead...
--- esp-idf-monitor 1.8.0 on \\.\COM4 115200
--- Quit: Ctrl+] | Menu: Ctrl+T | Help: Ctrl+T followed by Ctrl+H
ESP-ROM:esp32p4-eco2-20240710
Build:Jul 10 2024
rst:0x1 (POWERON),boot:0x30f (SPI_FAST_FLASH_BOOT)
SPI mode:DIO, clock div:1
load:0x4ff33ce0,len:0x17a4
load:0x4ff29ed0,len:0xfc0
--- 0x4ff29ed0: esp_bootloader_get_description at C:/Espressif/frameworks/esp-idf-v5.5.1/components/esp_bootloader_format/esp_bootloader_desc.c:39
load:0x4ff2cbd0,len:0x345c
--- 0x4ff2cbd0: esp_flash_encryption_enabled at C:/Espressif/frameworks/esp-idf-v5.5.1/components/bootloader_support/src/flash_encrypt.c:89
entry 0x4ff29eda
--- 0x4ff29eda: call_start_cpu0 at C:/Espressif/frameworks/esp-idf-v5.5.1/components/bootloader/subproject/main/bootloader_start.c:25
I (25) boot: ESP-IDF v5.5.1-dirty 2nd stage bootloader
I (26) boot: compile time Nov 10 2025 09:23:41
I (26) boot: Multicore bootloader
I (28) boot: chip revision: v1.0
I (29) boot: efuse block revision: v0.3
I (33) qio_mode: Enabling default flash chip QIO
I (37) boot.esp32p4: SPI Speed      : 80MHz
I (41) boot.esp32p4: SPI Mode       : QIO
I (45) boot.esp32p4: SPI Flash Size : 16MB
I (49) boot: Enabling RNG early entropy source...
I (53) boot: Partition Table:
I (56) boot: ## Label            Usage          Type ST Offset   Length
I (62) boot:  0 nvs              WiFi data        01 02 00009000 00006000
I (68) boot:  1 phy_init         RF data          01 01 0000f000 00001000
I (75) boot:  2 factory          factory app      00 00 00010000 00800000
I (81) boot:  3 storage          Unknown data     01 82 00810000 00700000
I (89) boot: End of partition table
I (91) esp_image: segment 0: paddr=00010020 vaddr=48110020 size=9f63ch (652860) map
I (200) esp_image: segment 1: paddr=000af664 vaddr=30100000 size=00068h (   104) load
I (202) esp_image: segment 2: paddr=000af6d4 vaddr=4ff00000 size=00944h (  2372) load
I (205) esp_image: segment 3: paddr=000b0020 vaddr=48000020 size=10a0e0h (1089760) map
I (379) esp_image: segment 4: paddr=001ba108 vaddr=4ff00944 size=1c1b4h (115124) load
I (401) esp_image: segment 5: paddr=001d62c4 vaddr=4ff1cb00 size=047b4h ( 18356) load
I (406) esp_image: segment 6: paddr=001daa80 vaddr=50108080 size=00020h (    32) load
I (414) boot: Loaded app from partition at offset 0x10000
I (414) boot: Disabling RNG early entropy source...
I (429) hex_psram: vendor id    : 0x0d (AP)
I (429) hex_psram: Latency      : 0x01 (Fixed)
I (429) hex_psram: DriveStr.    : 0x00 (25 Ohm)
I (430) hex_psram: dev id       : 0x03 (generation 4)
I (435) hex_psram: density      : 0x07 (256 Mbit)
I (439) hex_psram: good-die     : 0x06 (Pass)
I (443) hex_psram: SRF          : 0x02 (Slow Refresh)
I (448) hex_psram: BurstType    : 0x00 ( Wrap)
I (452) hex_psram: BurstLen     : 0x03 (2048 Byte)
I (457) hex_psram: BitMode      : 0x01 (X16 Mode)
I (461) hex_psram: Readlatency  : 0x04 (14 cycles@Fixed)
I (466) hex_psram: DriveStrength: 0x00 (1/1)
I (470) MSPI DQS: tuning success, best phase id is 0
I (642) MSPI DQS: tuning success, best delayline id is 17
I esp_psram: Found 32MB PSRAM device
I esp_psram: Speed: 200MHz
I (674) mmu_psram: .rodata xip on psram
I (726) mmu_psram: .text xip on psram
I (727) hex_psram: psram CS IO is dedicated
I (727) cpu_start: Multicore app
I (1177) esp_psram: SPI SRAM memory test OK
I (1186) cpu_start: Pro cpu start user code
I (1186) cpu_start: cpu freq: 360000000 Hz
I (1186) app_init: Application information:
I (1186) app_init: Project name:     lvgl_demo_v8
I (1190) app_init: App version:      db57468-dirty
I (1195) app_init: Compile time:     Nov 10 2025 10:14:08
I (1200) app_init: ELF file SHA256:  2acaa3451...
I (1204) app_init: ESP-IDF:          v5.5.1-dirty
I (1209) efuse_init: Min chip rev:     v0.1
I (1213) efuse_init: Max chip rev:     v1.99
I (1217) efuse_init: Chip rev:         v1.0
I (1221) heap_init: Initializing. RAM available for dynamic allocation:
I (1227) heap_init: At 4FF28120 len 00012EA0 (75 KiB): RAM
I (1232) heap_init: At 4FF3AFC0 len 00004BF0 (18 KiB): RAM
I (1237) heap_init: At 4FF40000 len 00040000 (256 KiB): RAM
I (1243) heap_init: At 501080A0 len 00007F60 (31 KiB): RTCRAM
I (1248) heap_init: At 30100068 len 00001F98 (7 KiB): TCM
I (1253) esp_psram: Adding pool of 31040K of PSRAM memory to heap allocator
I (1260) esp_psram: Adding pool of 23K of PSRAM memory gap generated due to end address alignment of irom to the heap allocator
I (1271) esp_psram: Adding pool of 2K of PSRAM memory gap generated due to end address alignment of drom to the heap allocator
I (1283) spi_flash: detected chip: boya
I (1286) spi_flash: flash io: qio
I (1289) host_init: ESP Hosted : Host chip_ip[18]
I (1303) H_API: ESP-Hosted starting. Hosted_Tasks: prio:23, stack: 5120 RPC_task_stack: 5120
I (1304) H_API: ** add_esp_wifi_remote_channels **
I (1306) transport: Add ESP-Hosted channel IF[1]: S[0] Tx[0x4800ea10] Rx[0x48022f6c]
--- 0x4800ea10: transport_drv_sta_tx at C:/esp/Treadmill/Consola/managed_components/espressif__esp_hosted/host/drivers/transport/transport_drv.c:248
--- 0x48022f6c: esp_wifi_remote_channel_rx at C:/esp/Treadmill/Consola/managed_components/espressif__esp_wifi_remote/esp_wifi_remote_net.c:19
I (1314) transport: Add ESP-Hosted channel IF[2]: S[0] Tx[0x4800e952] Rx[0x48022f6c]
--- 0x4800e952: transport_drv_ap_tx at C:/esp/Treadmill/Consola/managed_components/espressif__esp_hosted/host/drivers/transport/transport_drv.c:278
--- 0x48022f6c: esp_wifi_remote_channel_rx at C:/esp/Treadmill/Consola/managed_components/espressif__esp_wifi_remote/esp_wifi_remote_net.c:19
sdio_mempool_create free:31915268 min-free:31915268 lfb-def:31457280 lfb-8bit:31457280

I (1330) H_SDIO_DRV: sdio_data_to_rx_buf_task started
I (1334) main_task: Started on CPU0
I (1338) esp_psram: Reserving pool of 32K of internal memory for DMA/internal allocations
I (1345) main_task: Calling app_main()
I (1352) WIFI_MANAGER: Initializing WiFi Manager
I (1353) WIFI_MANAGER: WiFi Manager initialized successfully
I (1359) LVGL: Starting LVGL task
I (1362) ESP32_P4_EV: MIPI DSI PHY Powered on
I (1367) ESP32_P4_EV: Install MIPI DSI LCD control panel
I (1371) ESP32_P4_EV: Install ILI9881C LCD control panel
I (1522) jd9365: LCD ID: 93 65 04
I (1649) ESP32_P4_EV: Display initialized
I (1710) gsl3680: start init
I (1710) gsl3680: clear reg
I (1840) gsl3680: start load fw
I (2700) gsl3680: load fw success
I (2700) gsl3680: enter
I (2710) gsl_point_id: gsl_DataInit
I (2770) gsl3680: enter
I (2780) gsl_point_id: gsl_DataInit
I (2780) ESP32_P4_EV: Setting LCD backlight: 100%
I (2780) UI: Loaded wax counter from NVS: 6540 seconds
I (2905) Audio: Inicializando altavoz...
I (2910) ES8311: Work in Slave mode
I (3023) I2S_IF: channel mode 0 bits:16/16 channel:2 mask:1
I (3023) I2S_IF: STD Mode 1 bits:16/16 channel:2 sample_rate:44100 mask:1
I (3055) Adev_Codec: Open codec device OK
I (3078) Audio: Buffer de pitido generado (4410 bytes)
I (3078) Audio: Altavoz y buffer de pitido listos (modo asíncrono).

assert failed: xQueueSemaphoreTake queue.c:1709 (( pxQueue ))
--- Stack dump detected
Core  0 register dump:
MEPC    : 0x4ff10e74  RA      : 0x4ff109f4  SP      : 0x4ff522f0  GP      : 0x4ff1d300
--- 0x4ff10e74: panic_abort at C:/Espressif/frameworks/esp-idf-v5.5.1/components/esp_system/panic.c:483
--- 0x4ff109f4: esp_vApplicationTickHook at C:/Espressif/frameworks/esp-idf-v5.5.1/components/esp_system/freertos_hooks.c:31
TP      : 0x4ff52580  T0      : 0x37363534  T1      : 0x7271706f  T2      : 0x33323130
S0/FP   : 0x00000001  S1      : 0x0000008a  A0      : 0x4ff52338  A1      : 0x4ff1fc29
A2      : 0x00000001  A3      : 0x4ff27000  A4      : 0x00000001  A5      : 0x4ff27000
A6      : 0x0000000c  A7      : 0x76757473  S2      : 0x4ff52338  S3      : 0x4ff5233d
S4      : 0x4ff1fc28  S5      : 0x4ff52338  S6      : 0x00000000  S7      : 0x00000000
S8      : 0x4ff1d660  S9      : 0x00000000  S10     : 0x48123000  S11     : 0x4814e000
T3      : 0x6e6d6c6b  T4      : 0x6a696867  T5      : 0x66656463  T6      : 0x62613938
MSTATUS : 0x80017880  MTVEC   : 0x4ff00003  MCAUSE  : 0x00000002  MTVAL   : 0x00000000
--- 0x4ff00003: _vector_table at ??:?
MHARTID : 0x00000000

--- Warning: Failed to run gdb_panic_server.py script: Command '['riscv32-esp-elf-gdb', '--batch', '-n', 'C:\\esp\\Treadmill\\Consola\\build\\lvgl_demo_v8.elf', '-ex', 'add-symbol-file C:\\esp\\Treadmill\\Consola\\build\\bootloader\\bootloader.elf', '-ex', 'target remote | "C:\\Espressif\\python_env\\idf5.5_py3.11_env\\Scripts\\python.exe" -m esp_idf_panic_decoder --target esp32p4 "C:\\Users\\Ina\\AppData\\Local\\Temp\\tmp6fjgnska"', '-ex', 'bt']' returned non-zero exit status 1.
--- Warning: b'add symbol table from file "C:espTreadmillConsolabuildbootloaderbootloader.elf"\r\nC:espTreadmillConsolabuildbootloaderbootloader.elf: No such file or directory.\r\nerror starting child process \'C:\\Espressif\\python_env\\idf5.5_py3.11_env\\Scripts\\python.exe -m esp_idf_panic_decoder --target esp32p4 C:\\Users\\Ina\\AppData\\Local\\Temp\\tmp6fjgnska\': CreateProcess: No such file or directory\r\nNo stack.\r\n'


Stack memory:
4ff522f0: 0xa5a5a5a5 0xa5a5a5a5 0x4813df24 0x4ff1a502 0x39303731 0xa5a5a500 0x00000000 0x00000000
4ff52310: 0xa5000000 0x4ff203c4 0x4813df24 0x4ff203a8 0x48113cee 0x4ff203d4 0x4ff52300 0x4ff203d8
4ff52330: 0x48113f4c 0x4ff1fc28 0x65737361 0x66207472 0x656c6961 0x78203a64 0x75657551 0x6d655365
4ff52350: 0x6f687061 0x61546572 0x7120656b 0x65756575 0x313a632e 0x20393037 0x70202828 0x65755178
5 0xa5a5a5a5 0xa5a5a5a5
4ff52390: 0xa5a5a5a5 0xa5a5a5a5 0xa5a5a5a5 0xa5a5a5a5 0xa5a5a5a5 0xa5a5a5a5 0xa5a5a5a5 0xa5a5a5a5
4ff523b0: 0xa5a5a5a5 0xa5a5a5a5 0x00000084 0x00000018 0x000000d8 0x00000004 0x00000004 0x00000010
4ff523d0: 0xa5a5a5a5 0xa5a5a5a5 0x4ff0021c 0x4ff134c8 0x48024f76 0x00000000 0x4ff52480 0x4ff1d300
4ff523f0: 0x4ff52580 0x00000000 0x00000000 0x00000000 0x00000000 0x00000000 0x00000000 0x00000000
4ff52410: 0x00000000 0x3fb99999 0x4ff28000 0x4ff12010 0x4ff3bad4 0x00000000 0x4ff3ba80 0xffffffff
4ff52430: 0x4ff3bad4 0x00000000 0x4ff3ba80 0x4ff11fce 0x00000000 0x00000000 0x00000000 0x00000000
4ff52450: 0x00000000 0x3fb99999 0x4ff28000 0x4802dcd2 0x00011880 0x4ff00003 0x00000000 0x00000000
4ff52470: 0x00000000 0x3fb99999 0x9999999a 0x48024fe8 0xa5a5a5a5 0xa5a5a5a5 0xa5a5a5a5 0xa5a5a5a5
4ff52490: 0x00000000 0x3ff00000 0xa5a5a5a5 0xa5a5a5a5 0xa5a5a5a5 0xa5a5a5a5 0xa5a5a5a5 0xa5a5a5a5
4ff524b0: 0xa5a5a5a5 0xa5a5a5a5 0xa5a5a5a5 0xa5a5a5a5 0xa5a5a5a5 0xa5a5a5a5 0xa5a5a5a5 0xa5a5a5a5
4ff524d0: 0x00000000 0x408f4000 0x00000000 0x40590000 0x1a63c1f8 0x404ca5dc 0x00000000 0x4ff1d300
4ff524f0: 0x00000000 0x40ac2000 0x9999999a 0x3fb99999 0x00000000 0x00000000 0x00000000 0x00000000
4ff52510: 0x00000000 0x00000000 0x00000000 0x00000000 0x00000000 0x00000000 0x00000000 0x00000000
4ff52530: 0x00000000 0x00000000 0x00000000 0x00000000 0x00000000 0x00000000 0x00000000 0x00000000
4ff52550: 0x00000000 0x00000000 0x00000000 0x00000000 0x00000000 0x00000000 0x00000000 0x00000000
4ff52570: 0x00000000 0xa5a5a5a5 0xa5a5a5a5 0xa5a5a5a5 0x30100000 0x00000068 0x50115737 0x15c72683
4ff52590: 0x01000637 0x501117b7 0x2e238ed1 0x43b814d7 0x100006b7 0xa5a5a5a5 0xa5a5a5a5 0xa5a5a5a5
4ff525b0: 0x00000001 0x4ff505d4 0x4ff505d4 0x00000000 0x00000000 0x00000000 0xa5a5a5a5 0xa5a5a5a5
4ff525d0: 0xa5a5a5a5 0x00000160 0x4ff524e0 0x00000000 0x4ff21538 0x4ff21538 0x4ff525d8 0x4ff21530
4ff525f0: 0x00000014 0x00000000 0x00000000 0x4ff525d8 0x00000000 0x00000005 0x4ff505d4 0x755f6975
4ff52610: 0x74616470 0x61745f65 0x00006b73 0x00000000 0x4ff525d0 0x00000011 0x00000000 0x00000005
738 0x4ff287a0 0x4ff28808
4ff52650: 0x00000000 0x00000000 0x00000001 0x00000000 0x00000000 0x00000000 0x4800666e 0x00000000
4ff52670: 0x00000000 0x00000000 0x00000000 0x00000000 0x00000000 0x00000000 0x00000000 0x00000000
4ff52690: 0x00000000 0x00000000 0x00000000 0x00000000 0x00000000 0x00000000 0x00000000 0x00000000
4ff526b0: 0x00000000 0x00000000 0x00000000 0x00000000 0x00000000 0x00000000 0x00000000 0x00000000
4ff526d0: 0x00000000 0x00000000 0x00000000 0x00000000 0x00000000 0x00000000 0x00000000 0x00000000



ELF file SHA256: 2acaa3451

Rebooting...
ESP-ROM:esp32p4-eco2-20240710
Build:Jul 10 2024
rst:0xc (SW_CPU_RESET),boot:0x30f (SPI_FAST_FLASH_BOOT)
Core0 Saved PC:0x4ff10f76
Core1 Saved PC:0x4ff08f9e
SPI mode:DIO, clock div:1
load:0x4ff33ce0,len:0x17a4
load:0x4ff29ed0,len:0xfc0
load:0x4ff2cbd0,len:0x345c
entry 0x4ff29eda
I (33) boot: ESP-IDF v5.5.1-dirty 2nd stage bootloader
I (33) boot: compile time Nov 10 2025 09:23:41
I (34) boot: Multicore bootloader
I (35) boot: chip revision: v1.0
I (37) boot: efuse block revision: v0.3
I (40) qio_mode: Enabling default flash chip QIO
I (45) boot.esp32p4: SPI Speed      : 80MHz
I (48) boot.esp32p4: SPI Mode       : QIO
I (52) boot.esp32p4: SPI Flash Size : 16MB
I (56) boot: Enabling RNG early entropy source...
I (61) boot: Partition Table:
I (63) boot: ## Label            Usage          Type ST Offset   Length
I (69) boot:  0 nvs              WiFi data        01 02 00009000 00006000
I (76) boot:  1 phy_init         RF data          01 01 0000f000 00001000
I (82) boot:  2 factory          factory app      00 00 00010000 00800000
I (89) boot:  3 storage          Unknown data     01 82 00810000 00700000
I (96) boot: End of partition table
I (99) esp_image: segment 0: paddr=00010020 vaddr=48110020 size=9f63ch (652860) map
I (180) esp_image: segment 1: paddr=000af664 vaddr=30100000 size=00068h (   104) load
I (181) esp_image: segment 2: paddr=000af6d4 vaddr=4ff00000 size=00944h (  2372) load
I (185) esp_image: segment 3: paddr=000b0020 vaddr=48000020 size=10a0e0h (1089760) map
I (314) esp_image: segment 4: paddr=001ba108 vaddr=4ff00944 size=1c1b4h (115124) load
I (331) esp_image: segment 5: paddr=001d62c4 vaddr=4ff1cb00 size=047b4h ( 18356) load
I (335) esp_image: segment 6: paddr=001daa80 vaddr=50108080 size=00020h (    32) load
I (342) boot: Loaded app from partition at offset 0x10000
I (342) boot: Disabling RNG early entropy source...
I (359) hex_psram: vendor id    : 0x0d (AP)
I (359) hex_psram: Latency      : 0x01 (Fixed)
I (359) hex_psram: DriveStr.    : 0x00 (25 Ohm)
I (360) hex_psram: dev id       : 0x03 (generation 4)
I (364) hex_psram: density      : 0x07 (256 Mbit)
I (369) hex_psram: good-die     : 0x06 (Pass)
I (373) hex_psram: SRF          : 0x02 (Slow Refresh)
I (378) hex_psram: BurstType    : 0x00 ( Wrap)
I (382) hex_psram: BurstLen     : 0x03 (2048 Byte)
I (386) hex_psram: BitMode      : 0x01 (X16 Mode)
I (391) hex_psram: Readlatency  : 0x04 (14 cycles@Fixed)
I (396) hex_psram: DriveStrength: 0x00 (1/1)
I (400) MSPI DQS: tuning success, best phase id is 0
--- 0x4ff10f76: esp_restart_noos at C:/Espressif/frameworks/esp-idf-v5.5.1/components/esp_system/port/soc/esp32p4/system_internal.c:218
--- 0x4ff08f9e: esp_cpu_wait_for_intr at C:/Espressif/frameworks/esp-idf-v5.5.1/components/esp_hw_support/cpu.c:57
--- 0x4ff29ed0: esp_bootloader_get_description at C:/Espressif/frameworks/esp-idf-v5.5.1/components/esp_bootloader_format/esp_bootloader_desc.c:39
--- 0x4ff2cbd0: esp_flash_encryption_enabled at C:/Espressif/frameworks/esp-idf-v5.5.1/components/bootloader_support/src/flash_encrypt.c:89
--- 0x4ff29eda: call_start_cpu0 at C:/Espressif/frameworks/esp-idf-v5.5.1/components/bootloader/subproject/main/bootloader_start.c:25
I (572) MSPI DQS: tuning success, best delayline id is 17
I esp_psram: Found 32MB PSRAM device
I esp_psram: Speed: 200MHz
I (604) mmu_psram: .rodata xip on psram
I (656) mmu_psram: .text xip on psram
I (657) hex_psram: psram CS IO is dedicated
I (657) cpu_start: Multicore app
I (1117) esp_psram: SPI SRAM memory test OK
I (1126) cpu_start: Pro cpu start user code
I (1126) cpu_start: cpu freq: 360000000 Hz
I (1126) app_init: Application information:
I (1126) app_init: Project name:     lvgl_demo_v8
I (1130) app_init: App version:      db57468-dirty
I (1135) app_init: Compile time:     Nov 10 2025 10:14:08
I (1140) app_init: ELF file SHA256:  2acaa3451...
I (1144) app_init: ESP-IDF:          v5.5.1-dirty
I (1149) efuse_init: Min chip rev:     v0.1
I (1153) efuse_init: Max chip rev:     v1.99
I (1157) efuse_init: Chip rev:         v1.0
I (1161) heap_init: Initializing. RAM available for dynamic allocation:
I (1167) heap_init: At 4FF28120 len 00012EA0 (75 KiB): RAM
I (1172) heap_init: At 4FF3AFC0 len 00004BF0 (18 KiB): RAM
I (1178) heap_init: At 4FF40000 len 00040000 (256 KiB): RAM
I (1183) heap_init: At 501080A0 len 00007F60 (31 KiB): RTCRAM
I (1188) heap_init: At 30100068 len 00001F98 (7 KiB): TCM
I (1194) esp_psram: Adding pool of 31040K of PSRAM memory to heap allocator
I (1200) esp_psram: Adding pool of 23K of PSRAM memory gap generated due to end address alignment of irom to the heap allocator
I (1211) esp_psram: Adding pool of 2K of PSRAM memory gap generated due to end address alignment of drom to the heap allocator
I (1223) spi_flash: detected chip: boya
I (1226) spi_flash: flash io: qio
I (1229) host_init: ESP Hosted : Host chip_ip[18]
I (1244) H_API: ESP-Hosted starting. Hosted_Tasks: prio:23, stack: 5120 RPC_task_stack: 5120
I (1244) H_API: ** add_esp_wifi_remote_channels **
I (1246) transport: Add ESP-Hosted channel IF[1]: S[0] Tx[0x4800ea10] Rx[0x48022f6c]
I (1254) transport: Add ESP-Hosted channel IF[2]: S[0] Tx[0x4800e952] Rx[0x48022f6c]
--- 0x4800ea10: transport_drv_sta_tx at C:/esp/Treadmill/Consola/managed_components/espressif__esp_hosted/host/drivers/transport/transport_drv.c:248
--- 0x48022f6c: esp_wifi_remote_channel_rx at C:/esp/Treadmill/Consola/managed_components/espressif__esp_wifi_remote/esp_wifi_remote_net.c:19
--- 0x4800e952: transport_drv_ap_tx at C:/esp/Treadmill/Consola/managed_components/espressif__esp_hosted/host/drivers/transport/transport_drv.c:278
--- 0x48022f6c: esp_wifi_remote_channel_rx at C:/esp/Treadmill/Consola/managed_components/espressif__esp_wifi_remote/esp_wifi_remote_net.c:19
sdio_mempool_create free:31915268 min-free:31915268 lfb-def:31457280 lfb-8bit:31457280

I (1270) H_SDIO_DRV: sdio_data_to_rx_buf_task started
I (1274) main_task: Started on CPU0
I (1278) esp_psram: Reserving pool of 32K of internal memory for DMA/internal allocations
I (1285) main_task: Calling app_main()
I (1292) WIFI_MANAGER: Initializing WiFi Manager
I (1293) WIFI_MANAGER: WiFi Manager initialized successfully
I (1299) LVGL: Starting LVGL task
I (1302) ESP32_P4_EV: MIPI DSI PHY Powered on
I (1307) ESP32_P4_EV: Install MIPI DSI LCD control panel
I (1311) ESP32_P4_EV: Install ILI9881C LCD control panel
I (1462) jd9365: LCD ID: 93 65 04
I (1589) ESP32_P4_EV: Display initialized
I (1650) gsl3680: start init
I (1650) gsl3680: clear reg
I (1780) gsl3680: start load fw
I (2640) gsl3680: load fw success
I (2640) gsl3680: enter
I (2650) gsl_point_id: gsl_DataInit
I (2710) gsl3680: enter
I (2720) gsl_point_id: gsl_DataInit
I (2720) ESP32_P4_EV: Setting LCD backlight: 100%
I (2720) UI: Loaded wax counter from NVS: 6540 seconds
I (2845) Audio: Inicializando altavoz...
I (2850) ES8311: Work in Slave mode
I (2963) I2S_IF: channel mode 0 bits:16/16 channel:2 mask:1
I (2963) I2S_IF: STD Mode 1 bits:16/16 channel:2 sample_rate:44100 mask:1
I (2995) Adev_Codec: Open codec device OK
I (3018) Audio: Buffer de pitido generado (4410 bytes)
I (3018) Audio: Altavoz y buffer de pitido listos (modo asíncrono).

assert failed: xQueueSemaphoreTake queue.c:1709 (( pxQueue ))
Core  0 register dump:
MEPC    : 0x4ff10e74  RA      : 0x4ff109f4  SP      : 0x4ff522f0  GP      : 0x4ff1d300
--- Stack dump detected
--- 0x4ff10e74: panic_abort at C:/Espressif/frameworks/esp-idf-v5.5.1/components/esp_system/panic.c:483
--- 0x4ff109f4: esp_vApplicationTickHook at C:/Espressif/frameworks/esp-idf-v5.5.1/components/esp_system/freertos_hooks.c:31
TP      : 0x4ff52580  T0      : 0x37363534  T1      : 0x7271706f  T2      : 0x33323130
S0/FP   : 0x00000001  S1      : 0x0000008a  A0      : 0x4ff52338  A1      : 0x4ff1fc29
A2      : 0x00000001  A3      : 0x4ff27000  A4      : 0x00000001  A5      : 0x4ff27000
A6      : 0x0000000c  A7      : 0x76757473  S2      : 0x4ff52338  S3      : 0x4ff5233d
S4      : 0x4ff1fc28  S5      : 0x4ff52338  S6      : 0x00000000  S7      : 0x00000000
S8      : 0x4ff1d660  S9      : 0x00000000  S10     : 0x48123000  S11     : 0x4814e000
T3      : 0x6e6d6c6b  T4      : 0x6a696867  T5      : 0x66656463  T6      : 0x62613938
MSTATUS : 0x80017880  MTVEC   : 0x4ff00003  MCAUSE  : 0x00000002  MTVAL   : 0x00000000
--- 0x4ff00003: _vector_table at ??:?
MHARTID : 0x00000000

--- Warning: Failed to run gdb_panic_server.py script: Command '['riscv32-esp-elf-gdb', '--batch', '-n', 'C:\\esp\\Treadmill\\Consola\\build\\lvgl_demo_v8.elf', '-ex', 'add-symbol-file C:\\esp\\Treadmill\\Consola\\build\\bootloader\\bootloader.elf', '-ex', 'target remote | "C:\\Espressif\\python_env\\idf5.5_py3.11_env\\Scripts\\python.exe" -m esp_idf_panic_decoder --target esp32p4 "C:\\Users\\Ina\\AppData\\Local\\Temp\\tmpu9k6d3ob"', '-ex', 'bt']' returned non-zero exit status 1.
--- Warning: b'add symbol table from file "C:espTreadmillConsolabuildbootloaderbootloader.elf"\r\nC:espTreadmillConsolabuildbootloaderbootloader.elf: No such file or directory.\r\nerror starting child process \'C:\\Espressif\\python_env\\idf5.5_py3.11_env\\Scripts\\python.exe -m esp_idf_panic_decoder --target esp32p4 C:\\Users\\Ina\\AppData\\Local\\Temp\\tmpu9k6d3ob\': CreateProcess: No such file or directory\r\nNo stack.\r\n'


Stack memory:
4ff522f0: 0xa5a5a5a5 0xa5a5a5a5 0x4813df24 0x4ff1a502 0x39303731 0xa5a5a500 0x00000000 0x00000000
4ff52310: 0xa5000000 0x4ff203c4 0x4813df24 0x4ff203a8 0x48113cee 0x4ff203d4 0x4ff52300 0x4ff203d8
4ff52330: 0x48113f4c 0x4ff1fc28 0x65737361 0x66207472 0x656c6961 0x78203a64 0x75657551 0x6d655365
4ff52350: 0x6f687061 0x61546572 0x7120656b 0x65756575 0x313a632e 0x20393037 0x70202828 0x65755178
4ff52370: 0x29206575 0xa5a50029 0xa5a5a5a5 0xa5a5a5a5 0xa5a5a5a5 0xa5a5a5a5 0xa5a5a5a5 0xa5a5a5a5
4ff52390: 0xa5a5a5a5 0xa5a5a5a5 0xa5a5a5a5 0xa5a5a5a5 0xa5a5a5a5 0xa5a5a5a5 0xa5a5a5a5 0xa5a5a5a5
4ff523b0: 0xa5a5a5a5 0xa5a5a5a5 0x00000084 0x00000018 0x000000d8 0x00000004 0x00000004 0x00000010
4ff523d0: 0xa5a5a5a5 0xa5a5a5a5 0x4ff0021c 0x4ff134c8 0x48024f76 0x00000000 0x4ff52480 0x4ff1d300
4ff523f0: 0x4ff52580 0x00000000 0x00000000 0x00000000 0x00000000 0x00000000 0x00000000 0x00000000
4ff52410: 0x00000000 0x3fb99999 0x4ff28000 0x4ff12010 0x4ff3bad4 0x00000000 0x4ff3ba80 0xffffffff
4ff52430: 0x4ff3bad4 0x00000000 0x4ff3ba80 0x4ff11fce 0x00000000 0x00000000 0x00000000 0x00000000
4ff52450: 0x00000000 0x3fb99999 0x4ff28000 0x4802dcd2 0x00011880 0x4ff00003 0x00000000 0x00000000
4ff52470: 0x00000000 0x3fb99999 0x9999999a 0x48024fe8 0xa5a5a5a5 0xa5a5a5a5 0xa5a5a5a5 0xa5a5a5a5
4ff52490: 0x00000000 0x3ff00000 0xa5a5a5a5 0xa5a5a5a5 0xa5a5a5a5 0xa5a5a5a5 0xa5a5a5a5 0xa5a5a5a5
4ff524b0: 0xa5a5a5a5 0xa5a5a5a5 0xa5a5a5a5 0xa5a5a5a5 0xa5a5a5a5 0xa5a5a5a5 0xa5a5a5a5 0xa5a5a5a5
4ff524d0: 0x00000000 0x408f4000 0x00000000 0x40590000 0x1a63c1f8 0x404ca5dc 0x00000000 0x4ff1d300
4ff524f0: 0x00000000 0x40ac2000 0x9999999a 0x3fb99999 0x00000000 0x00000000 0x00000000 0x00000000
4ff52510: 0x00000000 0x00000000 0x00000000 0x00000000 0x00000000 0x00000000 0x00000000 0x00000000
4ff52530: 0x00000000 0x00000000 0x00000000 0x00000000 0x00000000 0x00000000 0x00000000 0x00000000
4ff52550: 0x00000000 0x00000000 0x00000000 0x00000000 0x00000000 0x00000000 0x00000000 0x00000000
4ff52570: 0x00000000 0xa5a5a5a5 0xa5a5a5a5 0xa5a5a5a5 0x30100000 0x00000068 0x50115737 0x15c72683
4ff52590: 0x01000637 0x501117b7 0x2e238ed1 0x43b814d7 0x100006b7 0xa5a5a5a5 0xa5a5a5a5 0xa5a5a5a5
4ff525b0: 0x00000001 0x4ff505d4 0x4ff505d4 0x00000000 0x00000000 0x00000000 0xa5a5a5a5 0xa5a5a5a5
4ff525d0: 0xa5a5a5a5 0x00000160 0x4ff524e0 0x00000000 0x4ff21538 0x4ff21538 0x4ff525d8 0x4ff21530
4ff525f0: 0x00000014 0x00000000 0x00000000 0x4ff525d8 0x00000000 0x00000005 0x4ff505d4 0x755f6975
4ff52610: 0x74616470 0x61745f65 0x00006b73 0x00000000 0x4ff525d0 0x00000011 0x00000000 0x00000005
4ff52630: 0x00000001 0x00000000 0x00000000 0x00000000 0x00000000 0x4ff28738 0x4ff287a0 0x4ff28808
4ff52650: 0x00000000 0x00000000 0x00000001 0x00000000 0x00000000 0x00000000 0x4800666e 0x00000000
4ff52670: 0x00000000 0x00000000 0x00000000 0x00000000 0x00000000 0x00000000 0x00000000 0x00000000
4ff52690: 0x00000000 0x00000000 0x00000000 0x00000000 0x00000000 0x00000000 0x00000000 0x00000000
4ff526b0: 0x00000000 0x00000000 0x00000000 0x00000000 0x00000000 0x00000000 0x00000000 0x00000000
4ff526d0: 0x00000000 0x00000000 0x00000000 0x00000000 0x00000000 0x00000000 0x00000000 0x00000000



ELF file SHA256: 2acaa3451

Rebooting...
ESP-ROM:esp32p4-eco2-20240710
Build:Jul 10 2024
rst:0xc (SW_CPU_RESET),boot:0x30f (SPI_FAST_FLASH_BOOT)
Core0 Saved PC:0x4ff10f76
Core1 Saved PC:0x4ff08f9e
SPI mode:DIO, clock div:1
load:0x4ff33ce0,len:0x17a4
load:0x4ff29ed0,len:0xfc0
load:0x4ff2cbd0,len:0x345c
entry 0x4ff29eda
I (33) boot: ESP-IDF v5.5.1-dirty 2nd stage bootloader
I (33) boot: compile time Nov 10 2025 09:23:41
I (34) boot: Multicore bootloader
I (35) boot: chip revision: v1.0
I (37) boot: efuse block revision: v0.3
I (40) qio_mode: Enabling default flash chip QIO
I (45) boot.esp32p4: SPI Speed      : 80MHz
I (48) boot.esp32p4: SPI Mode       : QIO
I (52) boot.esp32p4: SPI Flash Size : 16MB
I (56) boot: Enabling RNG early entropy source...
I (61) boot: Partition Table:
I (63) boot: ## Label            Usage          Type ST Offset   Length
I (69) boot:  0 nvs              WiFi data        01 02 00009000 00006000
I (76) boot:  1 phy_init         RF data          01 01 0000f000 00001000
I (82) boot:  2 factory          factory app      00 00 00010000 00800000
I (89) boot:  3 storage          Unknown data     01 82 00810000 00700000
I (96) boot: End of partition table
I (99) esp_image: segment 0: paddr=00010020 vaddr=48110020 size=9f63ch (652860) map
I (180) esp_image: segment 1: paddr=000af664 vaddr=30100000 size=00068h (   104) load
I (181) esp_image: segment 2: paddr=000af6d4 vaddr=4ff00000 size=00944h (  2372) load
I (185) esp_image: segment 3: paddr=000b0020 vaddr=48000020 size=10a0e0h (1089760) map
I (314) esp_image: segment 4: paddr=001ba108 vaddr=4ff00944 size=1c1b4h (115124) load
I (331) esp_image: segment 5: paddr=001d62c4 vaddr=4ff1cb00 size=047b4h ( 18356) load
I (335) esp_image: segment 6: paddr=001daa80 vaddr=50108080 size=00020h (    32) load
I (342) boot: Loaded app from partition at offset 0x10000
I (342) boot: Disabling RNG early entropy source...
I (359) hex_psram: vendor id    : 0x0d (AP)
I (359) hex_psram: Latency      : 0x01 (Fixed)
I (359) hex_psram: DriveStr.    : 0x00 (25 Ohm)
I (360) hex_psram: dev id       : 0x03 (generation 4)
I (364) hex_psram: density      : 0x07 (256 Mbit)
I (369) hex_psram: good-die     : 0x06 (Pass)
I (373) hex_psram: SRF          : 0x02 (Slow Refresh)
I (378) hex_psram: BurstType    : 0x00 ( Wrap)
I (382) hex_psram: BurstLen     : 0x03 (2048 Byte)
I (386) hex_psram: BitMode      : 0x01 (X16 Mode)
I (391) hex_psram: Readlatency  : 0x04 (14 cycles@Fixed)
I (396) hex_psram: DriveStrength: 0x00 (1/1)
I (400) MSPI DQS: tuning success, best phase id is 0
I (572) MSPI DQS: tuning success, best delayline id is 17
I esp_psram: Found 32MB PSRAM device
I esp_psram: Speed: 200MHz
I (604) mmu_psram: .rodata xip on psram
I (656) mmu_psram: .text xip on psram
I (657) hex_psram: psram CS IO is dedicated
I (657) cpu_start: Multicore app
I (1108) esp_psram: SPI SRAM memory test OK
I (1117) cpu_start: Pro cpu start user code
I (1117) cpu_start: cpu freq: 360000000 Hz
I (1117) app_init: Application information:
I (1118) app_init: Project name:     lvgl_demo_v8
I (1122) app_init: App version:      db57468-dirty
I (1126) app_init: Compile time:     Nov 10 2025 10:14:08
I (1132) app_init: ELF file SHA256:  2acaa3451...
--- 0x4ff10f76: esp_restart_noos at C:/Espressif/frameworks/esp-idf-v5.5.1/components/esp_system/port/soc/esp32p4/system_internal.c:218
--- 0x4ff08f9e: esp_cpu_wait_for_intr at C:/Espressif/frameworks/esp-idf-v5.5.1/components/esp_hw_support/cpu.c:57
--- 0x4ff29ed0: esp_bootloader_get_description at C:/Espressif/frameworks/esp-idf-v5.5.1/components/esp_bootloader_format/esp_bootloader_desc.c:39
--- 0x4ff2cbd0: esp_flash_encryption_enabled at C:/Espressif/frameworks/esp-idf-v5.5.1/components/bootloader_support/src/flash_encrypt.c:89
--- 0x4ff29eda: call_start_cpu0 at C:/Espressif/frameworks/esp-idf-v5.5.1/components/bootloader/subproject/main/bootloader_start.c:25
I (1136) app_init: ESP-IDF:          v5.5.1-dirty
I (1140) efuse_init: Min chip rev:     v0.1
I (1144) efuse_init: Max chip rev:     v1.99
I (1148) efuse_init: Chip rev:         v1.0
I (1152) heap_init: Initializing. RAM available for dynamic allocation:
I (1159) heap_init: At 4FF28120 len 00012EA0 (75 KiB): RAM
I (1164) heap_init: At 4FF3AFC0 len 00004BF0 (18 KiB): RAM
I (1169) heap_init: At 4FF40000 len 00040000 (256 KiB): RAM
I (1175) heap_init: At 501080A0 len 00007F60 (31 KiB): RTCRAM
I (1180) heap_init: At 30100068 len 00001F98 (7 KiB): TCM
I (1185) esp_psram: Adding pool of 31040K of PSRAM memory to heap allocator
I (1192) esp_psram: Adding pool of 23K of PSRAM memory gap generated due to end address alignment of irom to the heap allocator
I (1203) esp_psram: Adding pool of 2K of PSRAM memory gap generated due to end address alignment of drom to the heap allocator
I (1214) spi_flash: detected chip: boya
I (1218) spi_flash: flash io: qio
I (1221) host_init: ESP Hosted : Host chip_ip[18]
I (1235) H_API: ESP-Hosted starting. Hosted_Tasks: prio:23, stack: 5120 RPC_task_stack: 5120
I (1235) H_API: ** add_esp_wifi_remote_channels **
I (1238) transport: Add ESP-Hosted channel IF[1]: S[0] Tx[0x4800ea10] Rx[0x48022f6c]
I (1245) transport: Add ESP-Hosted channel IF[2]: S[0] Tx[0x4800e952] Rx[0x48022f6c]
--- 0x4800ea10: transport_drv_sta_tx at C:/esp/Treadmill/Consola/managed_components/espressif__esp_hosted/host/drivers/transport/transport_drv.c:248
--- 0x48022f6c: esp_wifi_remote_channel_rx at C:/esp/Treadmill/Consola/managed_components/espressif__esp_wifi_remote/esp_wifi_remote_net.c:19
--- 0x4800e952: transport_drv_ap_tx at C:/esp/Treadmill/Consola/managed_components/espressif__esp_hosted/host/drivers/transport/transport_drv.c:278
--- 0x48022f6c: esp_wifi_remote_channel_rx at C:/esp/Treadmill/Consola/managed_components/espressif__esp_wifi_remote/esp_wifi_remote_net.c:19
sdio_mempool_create free:31915268 min-free:31915268 lfb-def:31457280 lfb-8bit:31457280

I (1261) H_SDIO_DRV: sdio_data_to_rx_buf_task started
I (1265) main_task: Started on CPU0
I (1269) esp_psram: Reserving pool of 32K of internal memory for DMA/internal allocations
I (1276) main_task: Calling app_main()
I (1283) WIFI_MANAGER: Initializing WiFi Manager
I (1284) WIFI_MANAGER: WiFi Manager initialized successfully
I (1290) LVGL: Starting LVGL task
I (1293) ESP32_P4_EV: MIPI DSI PHY Powered on
I (1298) ESP32_P4_EV: Install MIPI DSI LCD control panel
I (1302) ESP32_P4_EV: Install ILI9881C LCD control panel
I (1453) jd9365: LCD ID: 93 65 04
I (1580) ESP32_P4_EV: Display initialized
I (1641) gsl3680: start init
I (1641) gsl3680: clear reg
I (1771) gsl3680: start load fw

Done

C:\esp\Treadmill\Consola>